/*---------------------------------------------------------------------------------------------
 *  SFZ definition file
 *  Copyright (c) All rights reserved.
 *--------------------------------------------------------------------------------------------*/
<control> default_path=./samples/<global> global_label=sin_looped volume=-3 polyphony=32 loop_mode=loop_sustain trigger=attack amp_veltrack=20 bend_up=200 bend_down=-200 ampeg_attack=0 ampeg_decay=0 ampeg_sustain=100 ampeg_release=1.5<group> group_label=Layer_1 lovel=0 hivel=127<region> pitch_keycenter=36 lokey=36 hikey=42 loop_start=23484 loop_end=41096 sample=sin_looped-000-036-c1.wav trigger=attack<region> pitch_keycenter=48 lokey=43 hikey=59 loop_start=23668 loop_end=41647 sample=sin_looped-000-048-c2.wav trigger=attack<group> group_label=Layer_2 lovel=0 hivel=127<region> pitch_keycenter=36 lokey=36 hikey=42 loop_start=23484 loop_end=41096 sample=sin_looped-001-036-c1.wav trigger=attack<region> pitch_keycenter=48 lokey=43 hikey=59 loop_start=23668 loop_end=41647 sample=sin_looped-001-048-c2.wav trigger=attack